

=====================================================================
== G:\Steam\steamapps\common\DayZServer\DayZServer_x64.exe
== DayZServer_x64.exe  -config=myServerDZ.cfg  -profiles=profiles/MainServerProfile -dologs -adminlog -scriptDebug=true -freezecheck "-mod=mods/@CF;mods/@CommunityOnlineTools" 
=====================================================================
Exe timestamp: 2019/07/27 09:15:36
Current time:  2019/08/24 00:49:23

Version 1.04.152166
 0:49:23.331 Load: opening profiles/MainServerProfile\DataCache\cache.ch failed with error 12. Trying again. Attempt 1/5
 0:49:24.333 Load: opening profiles/MainServerProfile\DataCache\cache.ch failed with error 12. Trying again. Attempt 2/5
 0:49:25.334 Load: opening profiles/MainServerProfile\DataCache\cache.ch failed with error 12. Trying again. Attempt 3/5
 0:49:26.335 Load: opening profiles/MainServerProfile\DataCache\cache.ch failed with error 12. Trying again. Attempt 4/5
 0:49:27.335 Load: opening profiles/MainServerProfile\DataCache\cache.ch failed with error 12. Trying again. Attempt 5/5
 0:49:28.453 Localization won't work: STR_SUNDAY - "Global" stringtable not found
 0:49:28.453 Localization won't work: STR_MONDAY - "Global" stringtable not found
 0:49:28.453 Localization won't work: STR_TUESDAY - "Global" stringtable not found
 0:49:28.453 Localization won't work: STR_WEDNESDAY - "Global" stringtable not found
 0:49:28.453 Localization won't work: STR_THURSDAY - "Global" stringtable not found
 0:49:28.453 Localization won't work: STR_FRIDAY - "Global" stringtable not found
 0:49:28.453 Localization won't work: STR_SATURDAY - "Global" stringtable not found
 0:49:28.453 Localization won't work: STR_JANUARY - "Global" stringtable not found
 0:49:28.453 Localization won't work: STR_FEBRUARY - "Global" stringtable not found
 0:49:28.453 Localization won't work: STR_MARCH - "Global" stringtable not found
 0:49:28.453 Localization won't work: STR_APRIL - "Global" stringtable not found
 0:49:28.453 Localization won't work: STR_MAY - "Global" stringtable not found
 0:49:28.453 Localization won't work: STR_JUNE - "Global" stringtable not found
 0:49:28.453 Localization won't work: STR_JULY - "Global" stringtable not found
 0:49:28.453 Localization won't work: STR_AUGUST - "Global" stringtable not found
 0:49:28.453 Localization won't work: STR_SEPTEMBER - "Global" stringtable not found
 0:49:28.453 Localization won't work: STR_OCTOBER - "Global" stringtable not found
 0:49:28.453 Localization won't work: STR_NOVEMBER - "Global" stringtable not found
 0:49:28.453 Localization won't work: STR_DECEMBER - "Global" stringtable not found
 0:49:28.453 Localization won't work: STR_DATE_FORMAT - "Global" stringtable not found
 0:49:28.453 Localization won't work: STR_DATE_FORMAT_SHORT - "Global" stringtable not found
 0:49:28.453 Localization won't work: STR_TIME_FORMAT - "Global" stringtable not found
 0:49:28.453 Localization won't work: STR_MAP_INTERVAL - "Global" stringtable not found
 0:49:28.453 Localization won't work: STR_MAP_LEGEND_INFO - "Global" stringtable not found
 0:49:28.453 Localization won't work: STR_MAP_SCALE_FORMAT - "Global" stringtable not found
 0:49:28.453 Localization won't work: STR_RESOLUTION_FORMAT - "Global" stringtable not found
 0:49:28.453 Localization won't work: STR_SESSION_NAME_FORMAT - "Global" stringtable not found
 0:49:28.453 Localization won't work: STR_CONFIG_YNORMAL - "Global" stringtable not found
 0:49:28.453 Localization won't work: STR_CONFIG_YREVERSED - "Global" stringtable not found
 0:49:28.453 Localization won't work: STR_CONFIG_CONTROLLER_NORMAL_LOOK - "Global" stringtable not found
 0:49:28.453 Localization won't work: STR_CONFIG_CONTROLLER_REVERSED_LOOK - "Global" stringtable not found
 0:49:28.453 Localization won't work: STR_ENABLED - "Global" stringtable not found
 0:49:28.453 Localization won't work: STR_DISABLED - "Global" stringtable not found
 0:49:28.453 Localization won't work: STR_SESSION_NAME_INIT - "Global" stringtable not found
 0:49:28.453 Localization won't work: STR_TIME_ACC_FORMAT - "Global" stringtable not found
 0:49:28.453 Localization won't work: STR_MP_VALIDERROR - "Global" stringtable not found
 0:49:28.453 Localization won't work: STR_MP_VALIDERROR_1 - "Global" stringtable not found
 0:49:28.453 Localization won't work: STR_MP_VALIDERROR_2 - "Global" stringtable not found
 0:49:28.453 Localization won't work: STR_MP_LOGGED - "Global" stringtable not found
 0:49:28.453 Localization won't work: STR_MP_LOGGED_OUT - "Global" stringtable not found
 0:49:28.453 Localization won't work: STR_MP_CONNECTION_LOOSING - "Global" stringtable not found
 0:49:28.453 Localization won't work: STR_MSG_MP_PASSWORD - "Global" stringtable not found
 0:49:28.453 Localization won't work: STR_MSG_MP_NO_PASSWORD - "Global" stringtable not found
 0:49:28.453 Localization won't work: STR_MSG_MP_VERSION - "Global" stringtable not found
 0:49:28.453 Localization won't work: STR_MSG_MP_CONNECT_ERROR - "Global" stringtable not found
 0:49:28.453 Localization won't work: STR_MSG_ADDON_MISSING - "Global" stringtable not found
 0:49:28.453 Localization won't work: STR_MSG_ADDON_VERSION - "Global" stringtable not found
 0:49:28.453 Localization won't work: STR_MSG_LAUNCH_GAME - "Global" stringtable not found
 0:49:28.453 Localization won't work: STR_MSG_NO_WORLD - "Global" stringtable not found
 0:49:28.453 Localization won't work: STR_MSG_MP_SESSION_FULL - "Global" stringtable not found
 0:49:28.453 Localization won't work: STR_LOAD_INIT - "Global" stringtable not found
 0:49:28.453 Localization won't work: STR_LOAD_WORLD - "Global" stringtable not found
 0:49:28.453 Localization won't work: STR_LOAD_MISSION - "Global" stringtable not found
 0:49:28.453 Localization won't work: STR_LOAD_INTRO - "Global" stringtable not found
 0:49:28.453 Localization won't work: STR_LOAD_GAME - "Global" stringtable not found
 0:49:28.453 Localization won't work: STR_SAVE_GAME - "Global" stringtable not found
 0:49:28.453 Localization won't work: STR_NETWORK_SEND - "Global" stringtable not found
 0:49:28.453 Localization won't work: STR_NETWORK_RECEIVE - "Global" stringtable not found
 0:49:28.453 Localization won't work: STR_CREATE_SERVER - "Global" stringtable not found
 0:49:28.453 Localization won't work: STR_CREATE_CLIENT - "Global" stringtable not found
 0:49:28.453 Localization won't work: STR_SHUTDOWN - "Global" stringtable not found
 0:49:28.453 Localization won't work: STR_DN_TREE - "Global" stringtable not found
 0:49:28.453 Localization won't work: STR_DN_BUSH - "Global" stringtable not found
 0:49:28.453 Localization won't work: STR_DN_BUILDING - "Global" stringtable not found
 0:49:28.453 Localization won't work: STR_DN_HOUSE - "Global" stringtable not found
 0:49:28.453 Localization won't work: STR_DN_CHURCH - "Global" stringtable not found
 0:49:28.453 Localization won't work: STR_DN_CHAPEL - "Global" stringtable not found
 0:49:28.453 Localization won't work: STR_DN_CROSS - "Global" stringtable not found
 0:49:28.453 Localization won't work: STR_DN_ROCK - "Global" stringtable not found
 0:49:28.453 Localization won't work: STR_DN_FOREST - "Global" stringtable not found
 0:49:28.453 Localization won't work: STR_DN_BUS_STOP - "Global" stringtable not found
 0:49:28.453 Localization won't work: STR_FADE_AWAY - "Global" stringtable not found
 0:49:28.453 Localization won't work: STR_MP_CONNECT - "Global" stringtable not found
 0:49:28.453 Localization won't work: STR_MP_DISCONNECT - "Global" stringtable not found
 0:49:28.453 Localization won't work: STR_MP_CONNECTING - "Global" stringtable not found
 0:49:28.453 Localization won't work: STR_MP_KICKED - "Global" stringtable not found
 0:49:28.453 Localization won't work: STR_MP_BANNED - "Global" stringtable not found
 0:49:28.453 Localization won't work: STR_MP_TIMEOUT - "Global" stringtable not found
 0:49:28.453 Localization won't work: STR_server_shutdown - "Global" stringtable not found
 0:49:28.453 Localization won't work: STR_DISP_CLIENT_TEXT - "Global" stringtable not found
 0:49:28.453 Localization won't work: STR_DISP_CLIENT_TEXT_EDIT - "Global" stringtable not found
 0:49:28.453 Localization won't work: STR_SERVER_MONITOR - "Global" stringtable not found
 0:49:28.453 Localization won't work: STR_MP_SERVER - "Global" stringtable not found
 0:49:28.453 Localization won't work: STR_MP_MASTER - "Global" stringtable not found
 0:49:28.453 Localization won't work: STR_MP_SESSION_LOST - "Global" stringtable not found
 0:49:28.453 Localization won't work: STR_DISP_OPT_UNITS_METRIC - "Global" stringtable not found
 0:49:28.453 Localization won't work: STR_DISP_OPT_UNITS_MIXED - "Global" stringtable not found
 0:49:28.453 Localization won't work: STR_DISP_OPT_UNITS_IMPERIAL - "Global" stringtable not found
 0:49:28.453 Localization won't work: STR_MP_KICKED_CLIENT - "Global" stringtable not found
 0:49:28.453 Localization won't work: STR_MP_LOGIN_QUEUE_FULL - "Global" stringtable not found
 0:49:28.453 Localization won't work: STR_MP_BANNED_CLIENT - "Global" stringtable not found
 0:49:28.453 Localization won't work: STR_MP_TIMEOUT_CLIENT - "Global" stringtable not found
 0:49:28.453 Localization won't work: STR_MP_BAD_CDKEY - "Global" stringtable not found
 0:49:28.453 Localization won't work: STR_MP_SESSION_LOCKED - "Global" stringtable not found
 0:49:28.453 Localization won't work: STR_MP_STEAM_AUTH_FAILED - "Global" stringtable not found
 0:49:28.453 Localization won't work: STR_xbox_authentification_fail - "Global" stringtable not found
 0:49:28.453 Localization won't work: STR_ps4_authentification_fail - "Global" stringtable not found
 0:49:28.453 Localization won't work: STR_authentification_fail - "Global" stringtable not found
 0:49:28.453 Localization won't work: STR_MP_MAX_PING - "Global" stringtable not found
 0:49:28.453 Localization won't work: STR_HOST_SESSION - "Global" stringtable not found
 0:49:28.453 Localization won't work: STR_DS_SERVER_CREATED - "Global" stringtable not found
 0:49:28.453 Localization won't work: STR_DS_SERVER_CREATE_FAIL - "Global" stringtable not found
 0:49:28.453 Localization won't work: STR_DS_SERVER_FINISHED - "Global" stringtable not found
 0:49:28.453 Localization won't work: STR_DS_SERVER_IDENTITY_CREATED - "Global" stringtable not found
 0:49:28.453 Localization won't work: STR_DS_PLAYER_CONNECTING - "Global" stringtable not found
 0:49:28.453 Localization won't work: STR_DS_PLAYER_CONNECTED - "Global" stringtable not found
 0:49:28.453 Localization won't work: STR_DS_PLAYER_DISCONNECTED - "Global" stringtable not found
 0:49:28.453 Localization won't work: STR_DS_ADMIN_LOGGED_IN - "Global" stringtable not found
 0:49:28.453 Localization won't work: STR_DS_ADMIN_LOGGED_OUT - "Global" stringtable not found
 0:49:28.453 Localization won't work: STR_DS_NO_USERS - "Global" stringtable not found
 0:49:28.453 Localization won't work: STR_DS_ROLES_ASSIGNED - "Global" stringtable not found
 0:49:28.453 Localization won't work: STR_DS_READING_MISSION - "Global" stringtable not found
 0:49:28.453 Localization won't work: STR_DS_MISSION_READ - "Global" stringtable not found
 0:49:28.453 Localization won't work: STR_DS_WAITING_FOR_NEXT_GAME - "Global" stringtable not found
 0:49:28.453 Localization won't work: STR_HASH_WRONG - "Global" stringtable not found
 0:49:28.453 Localization won't work: STR_SIGNATURE_MISSING - "Global" stringtable not found
 0:49:28.453 Localization won't work: STR_SIGNATURE_WRONG - "Global" stringtable not found
 0:49:28.453 Localization won't work: STR_SIGNATURE_CHECK_TIMED_OUT - "Global" stringtable not found
 0:49:28.453 Localization won't work: STR_BATTLEYE_INIT_FAILED - "Global" stringtable not found
 0:49:28.453 Localization won't work: STR_MSG_ADDON_NOT_FOUND - "Global" stringtable not found
 0:49:28.453 Localization won't work: STR_MSG_ADDON_CANNOT_OPEN - "Global" stringtable not found
 0:49:28.453 Localization won't work: STR_MSG_ADDON_UNKNOWN_PRODUCT - "Global" stringtable not found
 0:49:28.453 Localization won't work: STR_INCOMPATIBLE_LOAD_GAME_ATTEMPT - "Global" stringtable not found
 0:49:28.455 Localization won't work: STR_SUNDAY - "Global" stringtable not found
 0:49:28.455 Localization won't work: STR_MONDAY - "Global" stringtable not found
 0:49:28.455 Localization won't work: STR_TUESDAY - "Global" stringtable not found
 0:49:28.455 Localization won't work: STR_WEDNESDAY - "Global" stringtable not found
 0:49:28.455 Localization won't work: STR_THURSDAY - "Global" stringtable not found
 0:49:28.455 Localization won't work: STR_FRIDAY - "Global" stringtable not found
 0:49:28.455 Localization won't work: STR_SATURDAY - "Global" stringtable not found
 0:49:28.455 Localization won't work: STR_JANUARY - "Global" stringtable not found
 0:49:28.455 Localization won't work: STR_FEBRUARY - "Global" stringtable not found
 0:49:28.455 Localization won't work: STR_MARCH - "Global" stringtable not found
 0:49:28.455 Localization won't work: STR_APRIL - "Global" stringtable not found
 0:49:28.455 Localization won't work: STR_MAY - "Global" stringtable not found
 0:49:28.455 Localization won't work: STR_JUNE - "Global" stringtable not found
 0:49:28.455 Localization won't work: STR_JULY - "Global" stringtable not found
 0:49:28.455 Localization won't work: STR_AUGUST - "Global" stringtable not found
 0:49:28.455 Localization won't work: STR_SEPTEMBER - "Global" stringtable not found
 0:49:28.455 Localization won't work: STR_OCTOBER - "Global" stringtable not found
 0:49:28.455 Localization won't work: STR_NOVEMBER - "Global" stringtable not found
 0:49:28.455 Localization won't work: STR_DECEMBER - "Global" stringtable not found
 0:49:28.455 Localization won't work: STR_DATE_FORMAT - "Global" stringtable not found
 0:49:28.455 Localization won't work: STR_DATE_FORMAT_SHORT - "Global" stringtable not found
 0:49:28.455 Localization won't work: STR_TIME_FORMAT - "Global" stringtable not found
 0:49:28.455 Localization won't work: STR_MAP_INTERVAL - "Global" stringtable not found
 0:49:28.455 Localization won't work: STR_MAP_LEGEND_INFO - "Global" stringtable not found
 0:49:28.455 Localization won't work: STR_MAP_SCALE_FORMAT - "Global" stringtable not found
 0:49:28.455 Localization won't work: STR_RESOLUTION_FORMAT - "Global" stringtable not found
 0:49:28.455 Localization won't work: STR_SESSION_NAME_FORMAT - "Global" stringtable not found
 0:49:28.455 Localization won't work: STR_CONFIG_YNORMAL - "Global" stringtable not found
 0:49:28.455 Localization won't work: STR_CONFIG_YREVERSED - "Global" stringtable not found
 0:49:28.455 Localization won't work: STR_CONFIG_CONTROLLER_NORMAL_LOOK - "Global" stringtable not found
 0:49:28.455 Localization won't work: STR_CONFIG_CONTROLLER_REVERSED_LOOK - "Global" stringtable not found
 0:49:28.455 Localization won't work: STR_ENABLED - "Global" stringtable not found
 0:49:28.455 Localization won't work: STR_DISABLED - "Global" stringtable not found
 0:49:28.455 Localization won't work: STR_SESSION_NAME_INIT - "Global" stringtable not found
 0:49:28.455 Localization won't work: STR_TIME_ACC_FORMAT - "Global" stringtable not found
 0:49:28.455 Localization won't work: STR_MP_VALIDERROR - "Global" stringtable not found
 0:49:28.455 Localization won't work: STR_MP_VALIDERROR_1 - "Global" stringtable not found
 0:49:28.455 Localization won't work: STR_MP_VALIDERROR_2 - "Global" stringtable not found
 0:49:28.455 Localization won't work: STR_MP_LOGGED - "Global" stringtable not found
 0:49:28.455 Localization won't work: STR_MP_LOGGED_OUT - "Global" stringtable not found
 0:49:28.455 Localization won't work: STR_MP_CONNECTION_LOOSING - "Global" stringtable not found
 0:49:28.455 Localization won't work: STR_MSG_MP_PASSWORD - "Global" stringtable not found
 0:49:28.455 Localization won't work: STR_MSG_MP_NO_PASSWORD - "Global" stringtable not found
 0:49:28.455 Localization won't work: STR_MSG_MP_VERSION - "Global" stringtable not found
 0:49:28.455 Localization won't work: STR_MSG_MP_CONNECT_ERROR - "Global" stringtable not found
 0:49:28.455 Localization won't work: STR_MSG_ADDON_MISSING - "Global" stringtable not found
 0:49:28.455 Localization won't work: STR_MSG_ADDON_VERSION - "Global" stringtable not found
 0:49:28.455 Localization won't work: STR_MSG_LAUNCH_GAME - "Global" stringtable not found
 0:49:28.455 Localization won't work: STR_MSG_NO_WORLD - "Global" stringtable not found
 0:49:28.455 Localization won't work: STR_MSG_MP_SESSION_FULL - "Global" stringtable not found
 0:49:28.455 Localization won't work: STR_LOAD_INIT - "Global" stringtable not found
 0:49:28.455 Localization won't work: STR_LOAD_WORLD - "Global" stringtable not found
 0:49:28.455 Localization won't work: STR_LOAD_MISSION - "Global" stringtable not found
 0:49:28.455 Localization won't work: STR_LOAD_INTRO - "Global" stringtable not found
 0:49:28.455 Localization won't work: STR_LOAD_GAME - "Global" stringtable not found
 0:49:28.455 Localization won't work: STR_SAVE_GAME - "Global" stringtable not found
 0:49:28.455 Localization won't work: STR_NETWORK_SEND - "Global" stringtable not found
 0:49:28.455 Localization won't work: STR_NETWORK_RECEIVE - "Global" stringtable not found
 0:49:28.455 Localization won't work: STR_CREATE_SERVER - "Global" stringtable not found
 0:49:28.455 Localization won't work: STR_CREATE_CLIENT - "Global" stringtable not found
 0:49:28.455 Localization won't work: STR_SHUTDOWN - "Global" stringtable not found
 0:49:28.455 Localization won't work: STR_DN_TREE - "Global" stringtable not found
 0:49:28.455 Localization won't work: STR_DN_BUSH - "Global" stringtable not found
 0:49:28.455 Localization won't work: STR_DN_BUILDING - "Global" stringtable not found
 0:49:28.455 Localization won't work: STR_DN_HOUSE - "Global" stringtable not found
 0:49:28.455 Localization won't work: STR_DN_CHURCH - "Global" stringtable not found
 0:49:28.455 Localization won't work: STR_DN_CHAPEL - "Global" stringtable not found
 0:49:28.455 Localization won't work: STR_DN_CROSS - "Global" stringtable not found
 0:49:28.455 Localization won't work: STR_DN_ROCK - "Global" stringtable not found
 0:49:28.455 Localization won't work: STR_DN_FOREST - "Global" stringtable not found
 0:49:28.455 Localization won't work: STR_DN_BUS_STOP - "Global" stringtable not found
 0:49:28.455 Localization won't work: STR_FADE_AWAY - "Global" stringtable not found
 0:49:28.455 Localization won't work: STR_MP_CONNECT - "Global" stringtable not found
 0:49:28.455 Localization won't work: STR_MP_DISCONNECT - "Global" stringtable not found
 0:49:28.455 Localization won't work: STR_MP_CONNECTING - "Global" stringtable not found
 0:49:28.455 Localization won't work: STR_MP_KICKED - "Global" stringtable not found
 0:49:28.455 Localization won't work: STR_MP_BANNED - "Global" stringtable not found
 0:49:28.455 Localization won't work: STR_MP_TIMEOUT - "Global" stringtable not found
 0:49:28.455 Localization won't work: STR_server_shutdown - "Global" stringtable not found
 0:49:28.455 Localization won't work: STR_DISP_CLIENT_TEXT - "Global" stringtable not found
 0:49:28.455 Localization won't work: STR_DISP_CLIENT_TEXT_EDIT - "Global" stringtable not found
 0:49:28.455 Localization won't work: STR_SERVER_MONITOR - "Global" stringtable not found
 0:49:28.455 Localization won't work: STR_MP_SERVER - "Global" stringtable not found
 0:49:28.455 Localization won't work: STR_MP_MASTER - "Global" stringtable not found
 0:49:28.455 Localization won't work: STR_MP_SESSION_LOST - "Global" stringtable not found
 0:49:28.455 Localization won't work: STR_DISP_OPT_UNITS_METRIC - "Global" stringtable not found
 0:49:28.455 Localization won't work: STR_DISP_OPT_UNITS_MIXED - "Global" stringtable not found
 0:49:28.455 Localization won't work: STR_DISP_OPT_UNITS_IMPERIAL - "Global" stringtable not found
 0:49:28.455 Localization won't work: STR_MP_KICKED_CLIENT - "Global" stringtable not found
 0:49:28.455 Localization won't work: STR_MP_LOGIN_QUEUE_FULL - "Global" stringtable not found
 0:49:28.455 Localization won't work: STR_MP_BANNED_CLIENT - "Global" stringtable not found
 0:49:28.455 Localization won't work: STR_MP_TIMEOUT_CLIENT - "Global" stringtable not found
 0:49:28.455 Localization won't work: STR_MP_BAD_CDKEY - "Global" stringtable not found
 0:49:28.455 Localization won't work: STR_MP_SESSION_LOCKED - "Global" stringtable not found
 0:49:28.455 Localization won't work: STR_MP_STEAM_AUTH_FAILED - "Global" stringtable not found
 0:49:28.455 Localization won't work: STR_xbox_authentification_fail - "Global" stringtable not found
 0:49:28.455 Localization won't work: STR_ps4_authentification_fail - "Global" stringtable not found
 0:49:28.455 Localization won't work: STR_authentification_fail - "Global" stringtable not found
 0:49:28.455 Localization won't work: STR_MP_MAX_PING - "Global" stringtable not found
 0:49:28.455 Localization won't work: STR_HOST_SESSION - "Global" stringtable not found
 0:49:28.455 Localization won't work: STR_DS_SERVER_CREATED - "Global" stringtable not found
 0:49:28.455 Localization won't work: STR_DS_SERVER_CREATE_FAIL - "Global" stringtable not found
 0:49:28.455 Localization won't work: STR_DS_SERVER_FINISHED - "Global" stringtable not found
 0:49:28.455 Localization won't work: STR_DS_SERVER_IDENTITY_CREATED - "Global" stringtable not found
 0:49:28.455 Localization won't work: STR_DS_PLAYER_CONNECTING - "Global" stringtable not found
 0:49:28.455 Localization won't work: STR_DS_PLAYER_CONNECTED - "Global" stringtable not found
 0:49:28.455 Localization won't work: STR_DS_PLAYER_DISCONNECTED - "Global" stringtable not found
 0:49:28.455 Localization won't work: STR_DS_ADMIN_LOGGED_IN - "Global" stringtable not found
 0:49:28.455 Localization won't work: STR_DS_ADMIN_LOGGED_OUT - "Global" stringtable not found
 0:49:28.455 Localization won't work: STR_DS_NO_USERS - "Global" stringtable not found
 0:49:28.455 Localization won't work: STR_DS_ROLES_ASSIGNED - "Global" stringtable not found
 0:49:28.455 Localization won't work: STR_DS_READING_MISSION - "Global" stringtable not found
 0:49:28.455 Localization won't work: STR_DS_MISSION_READ - "Global" stringtable not found
 0:49:28.455 Localization won't work: STR_DS_WAITING_FOR_NEXT_GAME - "Global" stringtable not found
 0:49:28.455 Localization won't work: STR_HASH_WRONG - "Global" stringtable not found
 0:49:28.455 Localization won't work: STR_SIGNATURE_MISSING - "Global" stringtable not found
 0:49:28.455 Localization won't work: STR_SIGNATURE_WRONG - "Global" stringtable not found
 0:49:28.455 Localization won't work: STR_SIGNATURE_CHECK_TIMED_OUT - "Global" stringtable not found
 0:49:28.455 Localization won't work: STR_BATTLEYE_INIT_FAILED - "Global" stringtable not found
 0:49:28.455 Localization won't work: STR_MSG_ADDON_NOT_FOUND - "Global" stringtable not found
 0:49:28.455 Localization won't work: STR_MSG_ADDON_CANNOT_OPEN - "Global" stringtable not found
 0:49:28.455 Localization won't work: STR_MSG_ADDON_UNKNOWN_PRODUCT - "Global" stringtable not found
 0:49:28.455 Localization won't work: STR_INCOMPATIBLE_LOAD_GAME_ATTEMPT - "Global" stringtable not found
 0:49:28.703 Localization not present: STR_DATE_FORMAT_SHORT
 0:49:28.703 Localization not present: STR_TIME_FORMAT
 0:49:28.703 Localization not present: STR_CONFIG_CONTROLLER_NORMAL_LOOK
 0:49:28.703 Localization not present: STR_CONFIG_CONTROLLER_REVERSED_LOOK
 0:49:28.703 Localization not present: STR_MP_VALIDERROR
 0:49:28.703 Localization not present: STR_MP_CONNECTION_LOOSING
 0:49:28.703 Localization not present: STR_MSG_MP_NO_PASSWORD
 0:49:28.703 Localization not present: STR_MSG_LAUNCH_GAME
 0:49:28.703 Localization not present: STR_LOAD_INIT
 0:49:28.703 Localization not present: STR_LOAD_WORLD
 0:49:28.703 Localization not present: STR_LOAD_GAME
 0:49:28.703 Localization not present: STR_SAVE_GAME
 0:49:28.703 Localization not present: STR_MP_CONNECT
 0:49:28.703 Localization not present: STR_MP_DISCONNECT
 0:49:28.703 Localization not present: STR_MP_CONNECTING
 0:49:28.703 Localization not present: STR_MP_TIMEOUT
 0:49:28.703 Localization not present: STR_DISP_CLIENT_TEXT_EDIT
 0:49:28.703 Localization not present: STR_MP_LOGIN_QUEUE_FULL
 0:49:28.704 Localization not present: STR_DATE_FORMAT_SHORT
 0:49:28.704 Localization not present: STR_TIME_FORMAT
 0:49:28.704 Localization not present: STR_CONFIG_CONTROLLER_NORMAL_LOOK
 0:49:28.704 Localization not present: STR_CONFIG_CONTROLLER_REVERSED_LOOK
 0:49:28.704 Localization not present: STR_MP_VALIDERROR
 0:49:28.704 Localization not present: STR_MP_CONNECTION_LOOSING
 0:49:28.704 Localization not present: STR_MSG_MP_NO_PASSWORD
 0:49:28.704 Localization not present: STR_MSG_LAUNCH_GAME
 0:49:28.704 Localization not present: STR_LOAD_INIT
 0:49:28.704 Localization not present: STR_LOAD_WORLD
 0:49:28.704 Localization not present: STR_LOAD_GAME
 0:49:28.704 Localization not present: STR_SAVE_GAME
 0:49:28.704 Localization not present: STR_MP_CONNECT
 0:49:28.704 Localization not present: STR_MP_DISCONNECT
 0:49:28.704 Localization not present: STR_MP_CONNECTING
 0:49:28.704 Localization not present: STR_MP_TIMEOUT
 0:49:28.704 Localization not present: STR_DISP_CLIENT_TEXT_EDIT
 0:49:28.704 Localization not present: STR_MP_LOGIN_QUEUE_FULL
 0:49:28.751 Initializing stats manager.
 0:49:28.751 Stats config disabled.
 0:49:31.02 Updating base class All->AllVehicles, by DZ\data\config.bin/CfgVehicles/Man/
 0:49:31.02 Updating base class Transport->AllVehicles, by DZ\data\config.bin/CfgVehicles/Air/
 0:49:31.10 Updating base class Name->NameIcon, by DZ\gear\navigation\config.bin/CfgLocationTypes/Hill/
 0:49:31.10 Updating base class Hill->NameIcon, by DZ\gear\navigation\config.bin/CfgLocationTypes/ViewPoint/
 0:49:31.10 Updating base class Hill->NameIcon, by DZ\gear\navigation\config.bin/CfgLocationTypes/RockArea/
 0:49:31.10 Updating base class Hill->NameIcon, by DZ\gear\navigation\config.bin/CfgLocationTypes/BorderCrossing/
 0:49:31.10 Updating base class Hill->NameIcon, by DZ\gear\navigation\config.bin/CfgLocationTypes/VegetationBroadleaf/
 0:49:31.10 Updating base class Hill->NameIcon, by DZ\gear\navigation\config.bin/CfgLocationTypes/VegetationFir/
 0:49:31.10 Updating base class Hill->NameIcon, by DZ\gear\navigation\config.bin/CfgLocationTypes/VegetationPalm/
 0:49:31.10 Updating base class Hill->NameIcon, by DZ\gear\navigation\config.bin/CfgLocationTypes/VegetationVineyard/
 0:49:31.27 Updating base class HorticultureBaseProxies->ProxyAttachment, by DZ\structures\residential\config.bin/CfgNonAIVehicles/ProxyTomato_Seeds/
 0:49:31.367 Updating base class Weather->, by DZ\sounds\hpp\config.bin/CfgWorlds/CAWorld/Weather/
 0:49:32.504 ENGINE    (W): No module info used, trying to identify -> 0xD6D50000

 0:49:32.505 ENGINE    (W): Adjusting job system settings to have at least one job worker thread.

 0:49:32.690 [Inputs] Loading inputs default "bin/constants.xml"
 0:49:32.693 [Inputs] Loading inputs default "bin/specific.xml"
 0:49:32.693 [Inputs] Loading inputs default "JM/COT/scripts/Data/Inputs.xml"
 0:49:32.693 [Inputs] Loading inputs cfg "profiles/MainServerProfile\Users\Survivor\Server.core.xml"
 0:49:32.693 !!! [Inputs] Cannot read inputs cfg "profiles/MainServerProfile\Users\Survivor\Server.core.xml", parser error
 0:49:32.694 [Inputs] Loading inputs cfg "bin/core.xml"
 0:49:32.694 !!! [Inputs] Cannot load input preset "user", file does not exist
 0:49:32.695 [Inputs] Exporting inputs cfg "profiles/MainServerProfile\Users\Survivor\Server.core.xml"
 0:49:32.989 SCRIPT    (W): @"scripts/3_Game/systems\inventory\handfsm.c,96": Missing script declaration for method 'SgNetworkService.CreateLobby'

 0:49:32.989 SCRIPT    (W): @"scripts/3_Game/systems\inventory\handfsm.c,96": Missing script declaration for method 'SgNetworkService.GameServerLoadMatchInfo'

 0:49:32.989 SCRIPT    (W): @"scripts/3_Game/systems\inventory\handfsm.c,96": Missing script declaration for method 'SgNetworkService.CancelSearchForMatch'

 0:49:32.989 SCRIPT    (W): @"scripts/3_Game/systems\inventory\handfsm.c,96": Missing script declaration for method 'SgNetworkService.SetLobbySlot'

 0:49:32.989 SCRIPT    (W): @"scripts/3_Game/systems\inventory\handfsm.c,96": Missing script declaration for method 'SgNetworkService.LeaveLobby'

 0:49:32.989 SCRIPT    (W): @"scripts/3_Game/systems\inventory\handfsm.c,96": Missing script declaration for method 'SgNetworkService.DeleteLobby'

 0:49:32.989 SCRIPT    (W): @"scripts/3_Game/systems\inventory\handfsm.c,96": Missing script declaration for method 'SgNetworkService.JoinLobby'

 0:49:32.990 SCRIPT    (W): @"scripts/3_Game/systems\inventory\handfsm.c,96": Missing script declaration for method 'SgNetworkService.StartLobbyGame'

 0:49:32.990 SCRIPT    (W): @"scripts/3_Game/systems\inventory\handfsm.c,96": Missing script declaration for method 'SgNetworkService.GameServerReadyServer'

 0:49:32.990 SCRIPT    (W): @"scripts/3_Game/systems\inventory\handfsm.c,96": Missing script declaration for method 'SgNetworkService.LeaveTeam'

 0:49:32.990 SCRIPT    (W): @"scripts/3_Game/systems\inventory\handfsm.c,96": Missing script declaration for method 'SgNetworkService.LoadLobbyList'

 0:49:32.990 SCRIPT    (W): @"scripts/3_Game/systems\inventory\handfsm.c,96": Missing script declaration for method 'SgNetworkService.JoinTeam'

 0:49:32.990 SCRIPT    (W): @"scripts/3_Game/systems\inventory\handfsm.c,96": Missing script declaration for method 'SgNetworkService.GetUserUID'

 0:49:32.990 SCRIPT    (W): @"scripts/3_Game/systems\inventory\handfsm.c,96": Missing script declaration for method 'SgNetworkService.ReadyLobbyPlayer'

 0:49:32.990 SCRIPT    (W): @"scripts/3_Game/systems\inventory\handfsm.c,96": Missing script declaration for method 'SgNetworkService.GetService'

 0:49:32.990 SCRIPT    (W): @"scripts/3_Game/systems\inventory\handfsm.c,96": Missing script declaration for method 'SgNetworkService.GameServerFinishGame'

 0:49:32.990 SCRIPT    (W): @"scripts/3_Game/systems\inventory\handfsm.c,96": Missing script declaration for method 'SgNetworkService.StartSearchForMatch'

 0:49:32.990 SCRIPT    (W): @"scripts/3_Game/systems\inventory\cargo.c,6": Missing script declaration for method 'CargoBase.IsProxyCargo'

 0:49:33.64 ANIMATION (E): Can't load mods/@CommunityOnlineTools/Anims/cfg/skeletons.anim.xml

 0:49:33.64 ANIMATION (E): Failed to open file, line 0, column 0

 0:49:33.65 ANIMATION (E): Can't load mods/@CF/Anims/cfg/skeletons.anim.xml

 0:49:33.65 ANIMATION (E): Failed to open file, line 0, column 0

 0:49:33.171 Warning Message: 'soundSetNear/' is not a value
 0:49:33.171 Warning Message: 'soundSetFar/' is not a value
 0:49:33.171 Warning Message: 'soundSetNear/' is not a value
 0:49:33.171 Warning Message: 'soundSetFar/' is not a value
 0:49:33.171 Warning Message: 'soundSetNear/' is not a value
 0:49:33.171 Warning Message: 'soundSetFar/' is not a value
 0:49:33.171 Warning Message: 'soundSetNear/' is not a v