

=====================================================================
== G:\Steam\steamapps\common\DayZServer\DayZServer_x64.exe
== DayZServer_x64.exe  -config=myServerDZ.cfg -port=2302 -profiles=profiles/MainServerProfile -dologs -adminlog -scriptDebug=true -freezecheck "-mod=mods/@CF;mods/@CommunityOnlineTools" 
=====================================================================
Exe timestamp: 2019/07/27 09:15:36
Current time:  2019/08/24 00:12:14

Version 1.04.152166
 0:12:14.857 Load: opening profiles/MainServerProfile\DataCache\cache.ch failed with error 12. Trying again. Attempt 1/5
 0:12:15.859 Load: opening profiles/MainServerProfile\DataCache\cache.ch failed with error 12. Trying again. Attempt 2/5
 0:12:16.860 Load: opening profiles/MainServerProfile\DataCache\cache.ch failed with error 12. Trying again. Attempt 3/5
 0:12:17.861 Load: opening profiles/MainServerProfile\DataCache\cache.ch failed with error 12. Trying again. Attempt 4/5
 0:12:18.861 Load: opening profiles/MainServerProfile\DataCache\cache.ch failed with error 12. Trying again. Attempt 5/5
 0:12:19.988 Localization won't work: STR_SUNDAY - "Global" stringtable not found
 0:12:19.988 Localization won't work: STR_MONDAY - "Global" stringtable not found
 0:12:19.988 Localization won't work: STR_TUESDAY - "Global" stringtable not found
 0:12:19.988 Localization won't work: STR_WEDNESDAY - "Global" stringtable not found
 0:12:19.988 Localization won't work: STR_THURSDAY - "Global" stringtable not found
 0:12:19.988 Localization won't work: STR_FRIDAY - "Global" stringtable not found
 0:12:19.989 Localization won't work: STR_SATURDAY - "Global" stringtable not found
 0:12:19.989 Localization won't work: STR_JANUARY - "Global" stringtable not found
 0:12:19.989 Localization won't work: STR_FEBRUARY - "Global" stringtable not found
 0:12:19.989 Localization won't work: STR_MARCH - "Global" stringtable not found
 0:12:19.989 Localization won't work: STR_APRIL - "Global" stringtable not found
 0:12:19.989 Localization won't work: STR_MAY - "Global" stringtable not found
 0:12:19.989 Localization won't work: STR_JUNE - "Global" stringtable not found
 0:12:19.989 Localization won't work: STR_JULY - "Global" stringtable not found
 0:12:19.989 Localization won't work: STR_AUGUST - "Global" stringtable not found
 0:12:19.989 Localization won't work: STR_SEPTEMBER - "Global" stringtable not found
 0:12:19.989 Localization won't work: STR_OCTOBER - "Global" stringtable not found
 0:12:19.989 Localization won't work: STR_NOVEMBER - "Global" stringtable not found
 0:12:19.989 Localization won't work: STR_DECEMBER - "Global" stringtable not found
 0:12:19.989 Localization won't work: STR_DATE_FORMAT - "Global" stringtable not found
 0:12:19.989 Localization won't work: STR_DATE_FORMAT_SHORT - "Global" stringtable not found
 0:12:19.989 Localization won't work: STR_TIME_FORMAT - "Global" stringtable not found
 0:12:19.989 Localization won't work: STR_MAP_INTERVAL - "Global" stringtable not found
 0:12:19.989 Localization won't work: STR_MAP_LEGEND_INFO - "Global" stringtable not found
 0:12:19.989 Localization won't work: STR_MAP_SCALE_FORMAT - "Global" stringtable not found
 0:12:19.989 Localization won't work: STR_RESOLUTION_FORMAT - "Global" stringtable not found
 0:12:19.989 Localization won't work: STR_SESSION_NAME_FORMAT - "Global" stringtable not found
 0:12:19.989 Localization won't work: STR_CONFIG_YNORMAL - "Global" stringtable not found
 0:12:19.989 Localization won't work: STR_CONFIG_YREVERSED - "Global" stringtable not found
 0:12:19.989 Localization won't work: STR_CONFIG_CONTROLLER_NORMAL_LOOK - "Global" stringtable not found
 0:12:19.989 Localization won't work: STR_CONFIG_CONTROLLER_REVERSED_LOOK - "Global" stringtable not found
 0:12:19.989 Localization won't work: STR_ENABLED - "Global" stringtable not found
 0:12:19.989 Localization won't work: STR_DISABLED - "Global" stringtable not found
 0:12:19.989 Localization won't work: STR_SESSION_NAME_INIT - "Global" stringtable not found
 0:12:19.989 Localization won't work: STR_TIME_ACC_FORMAT - "Global" stringtable not found
 0:12:19.989 Localization won't work: STR_MP_VALIDERROR - "Global" stringtable not found
 0:12:19.989 Localization won't work: STR_MP_VALIDERROR_1 - "Global" stringtable not found
 0:12:19.989 Localization won't work: STR_MP_VALIDERROR_2 - "Global" stringtable not found
 0:12:19.989 Localization won't work: STR_MP_LOGGED - "Global" stringtable not found
 0:12:19.989 Localization won't work: STR_MP_LOGGED_OUT - "Global" stringtable not found
 0:12:19.989 Localization won't work: STR_MP_CONNECTION_LOOSING - "Global" stringtable not found
 0:12:19.989 Localization won't work: STR_MSG_MP_PASSWORD - "Global" stringtable not found
 0:12:19.989 Localization won't work: STR_MSG_MP_NO_PASSWORD - "Global" stringtable not found
 0:12:19.989 Localization won't work: STR_MSG_MP_VERSION - "Global" stringtable not found
 0:12:19.989 Localization won't work: STR_MSG_MP_CONNECT_ERROR - "Global" stringtable not found
 0:12:19.989 Localization won't work: STR_MSG_ADDON_MISSING - "Global" stringtable not found
 0:12:19.989 Localization won't work: STR_MSG_ADDON_VERSION - "Global" stringtable not found
 0:12:19.989 Localization won't work: STR_MSG_LAUNCH_GAME - "Global" stringtable not found
 0:12:19.989 Localization won't work: STR_MSG_NO_WORLD - "Global" stringtable not found
 0:12:19.989 Localization won't work: STR_MSG_MP_SESSION_FULL - "Global" stringtable not found
 0:12:19.989 Localization won't work: STR_LOAD_INIT - "Global" stringtable not found
 0:12:19.989 Localization won't work: STR_LOAD_WORLD - "Global" stringtable not found
 0:12:19.989 Localization won't work: STR_LOAD_MISSION - "Global" stringtable not found
 0:12:19.989 Localization won't work: STR_LOAD_INTRO - "Global" stringtable not found
 0:12:19.989 Localization won't work: STR_LOAD_GAME - "Global" stringtable not found
 0:12:19.989 Localization won't work: STR_SAVE_GAME - "Global" stringtable not found
 0:12:19.989 Localization won't work: STR_NETWORK_SEND - "Global" stringtable not found
 0:12:19.989 Localization won't work: STR_NETWORK_RECEIVE - "Global" stringtable not found
 0:12:19.989 Localization won't work: STR_CREATE_SERVER - "Global" stringtable not found
 0:12:19.989 Localization won't work: STR_CREATE_CLIENT - "Global" stringtable not found
 0:12:19.989 Localization won't work: STR_SHUTDOWN - "Global" stringtable not found
 0:12:19.989 Localization won't work: STR_DN_TREE - "Global" stringtable not found
 0:12:19.989 Localization won't work: STR_DN_BUSH - "Global" stringtable not found
 0:12:19.989 Localization won't work: STR_DN_BUILDING - "Global" stringtable not found
 0:12:19.989 Localization won't work: STR_DN_HOUSE - "Global" stringtable not found
 0:12:19.989 Localization won't work: STR_DN_CHURCH - "Global" stringtable not found
 0:12:19.989 Localization won't work: STR_DN_CHAPEL - "Global" stringtable not found
 0:12:19.989 Localization won't work: STR_DN_CROSS - "Global" stringtable not found
 0:12:19.989 Localization won't work: STR_DN_ROCK - "Global" stringtable not found
 0:12:19.989 Localization won't work: STR_DN_FOREST - "Global" stringtable not found
 0:12:19.989 Localization won't work: STR_DN_BUS_STOP - "Global" stringtable not found
 0:12:19.989 Localization won't work: STR_FADE_AWAY - "Global" stringtable not found
 0:12:19.989 Localization won't work: STR_MP_CONNECT - "Global" stringtable not found
 0:12:19.989 Localization won't work: STR_MP_DISCONNECT - "Global" stringtable not found
 0:12:19.989 Localization won't work: STR_MP_CONNECTING - "Global" stringtable not found
 0:12:19.989 Localization won't work: STR_MP_KICKED - "Global" stringtable not found
 0:12:19.989 Localization won't work: STR_MP_BANNED - "Global" stringtable not found
 0:12:19.989 Localization won't work: STR_MP_TIMEOUT - "Global" stringtable not found
 0:12:19.989 Localization won't work: STR_server_shutdown - "Global" stringtable not found
 0:12:19.989 Localization won't work: STR_DISP_CLIENT_TEXT - "Global" stringtable not found
 0:12:19.989 Localization won't work: STR_DISP_CLIENT_TEXT_EDIT - "Global" stringtable not found
 0:12:19.989 Localization won't work: STR_SERVER_MONITOR - "Global" stringtable not found
 0:12:19.989 Localization won't work: STR_MP_SERVER - "Global" stringtable not found
 0:12:19.989 Localization won't work: STR_MP_MASTER - "Global" stringtable not found
 0:12:19.989 Localization won't work: STR_MP_SESSION_LOST - "Global" stringtable not found
 0:12:19.989 Localization won't work: STR_DISP_OPT_UNITS_METRIC - "Global" stringtable not found
 0:12:19.989 Localization won't work: STR_DISP_OPT_UNITS_MIXED - "Global" stringtable not found
 0:12:19.989 Localization won't work: STR_DISP_OPT_UNITS_IMPERIAL - "Global" stringtable not found
 0:12:19.989 Localization won't work: STR_MP_KICKED_CLIENT - "Global" stringtable not found
 0:12:19.989 Localization won't work: STR_MP_LOGIN_QUEUE_FULL - "Global" stringtable not found
 0:12:19.989 Localization won't work: STR_MP_BANNED_CLIENT - "Global" stringtable not found
 0:12:19.989 Localization won't work: STR_MP_TIMEOUT_CLIENT - "Global" stringtable not found
 0:12:19.989 Localization won't work: STR_MP_BAD_CDKEY - "Global" stringtable not found
 0:12:19.989 Localization won't work: STR_MP_SESSION_LOCKED - "Global" stringtable not found
 0:12:19.989 Localization won't work: STR_MP_STEAM_AUTH_FAILED - "Global" stringtable not found
 0:12:19.989 Localization won't work: STR_xbox_authentification_fail - "Global" stringtable not found
 0:12:19.989 Localization won't work: STR_ps4_authentification_fail - "Global" stringtable not found
 0:12:19.989 Localization won't work: STR_authentification_fail - "Global" stringtable not found
 0:12:19.989 Localization won't work: STR_MP_MAX_PING - "Global" stringtable not found
 0:12:19.989 Localization won't work: STR_HOST_SESSION - "Global" stringtable not found
 0:12:19.989 Localization won't work: STR_DS_SERVER_CREATED - "Global" stringtable not found
 0:12:19.989 Localization won't work: STR_DS_SERVER_CREATE_FAIL - "Global" stringtable not found
 0:12:19.989 Localization won't work: STR_DS_SERVER_FINISHED - "Global" stringtable not found
 0:12:19.989 Localization won't work: STR_DS_SERVER_IDENTITY_CREATED - "Global" stringtable not found
 0:12:19.989 Localization won't work: STR_DS_PLAYER_CONNECTING - "Global" stringtable not found
 0:12:19.989 Localization won't work: STR_DS_PLAYER_CONNECTED - "Global" stringtable not found
 0:12:19.989 Localization won't work: STR_DS_PLAYER_DISCONNECTED - "Global" stringtable not found
 0:12:19.989 Localization won't work: STR_DS_ADMIN_LOGGED_IN - "Global" stringtable not found
 0:12:19.989 Localization won't work: STR_DS_ADMIN_LOGGED_OUT - "Global" stringtable not found
 0:12:19.989 Localization won't work: STR_DS_NO_USERS - "Global" stringtable not found
 0:12:19.989 Localization won't work: STR_DS_ROLES_ASSIGNED - "Global" stringtable not found
 0:12:19.989 Localization won't work: STR_DS_READING_MISSION - "Global" stringtable not found
 0:12:19.989 Localization won't work: STR_DS_MISSION_READ - "Global" stringtable not found
 0:12:19.989 Localization won't work: STR_DS_WAITING_FOR_NEXT_GAME - "Global" stringtable not found
 0:12:19.989 Localization won't work: STR_HASH_WRONG - "Global" stringtable not found
 0:12:19.989 Localization won't work: STR_SIGNATURE_MISSING - "Global" stringtable not found
 0:12:19.989 Localization won't work: STR_SIGNATURE_WRONG - "Global" stringtable not found
 0:12:19.989 Localization won't work: STR_SIGNATURE_CHECK_TIMED_OUT - "Global" stringtable not found
 0:12:19.989 Localization won't work: STR_BATTLEYE_INIT_FAILED - "Global" stringtable not found
 0:12:19.989 Localization won't work: STR_MSG_ADDON_NOT_FOUND - "Global" stringtable not found
 0:12:19.989 Localization won't work: STR_MSG_ADDON_CANNOT_OPEN - "Global" stringtable not found
 0:12:19.989 Localization won't work: STR_MSG_ADDON_UNKNOWN_PRODUCT - "Global" stringtable not found
 0:12:19.989 Localization won't work: STR_INCOMPATIBLE_LOAD_GAME_ATTEMPT - "Global" stringtable not found
 0:12:19.992 Localization won't work: STR_SUNDAY - "Global" stringtable not found
 0:12:19.992 Localization won't work: STR_MONDAY - "Global" stringtable not found
 0:12:19.992 Localization won't work: STR_TUESDAY - "Global" stringtable not found
 0:12:19.992 Localization won't work: STR_WEDNESDAY - "Global" stringtable not found
 0:12:19.992 Localization won't work: STR_THURSDAY - "Global" stringtable not found
 0:12:19.992 Localization won't work: STR_FRIDAY - "Global" stringtable not found
 0:12:19.992 Localization won't work: STR_SATURDAY - "Global" stringtable not found
 0:12:19.992 Localization won't work: STR_JANUARY - "Global" stringtable not found
 0:12:19.992 Localization won't work: STR_FEBRUARY - "Global" stringtable not found
 0:12:19.992 Localization won't work: STR_MARCH - "Global" stringtable not found
 0:12:19.992 Localization won't work: STR_APRIL - "Global" stringtable not found
 0:12:19.992 Localization won't work: STR_MAY - "Global" stringtable not found
 0:12:19.992 Localization won't work: STR_JUNE - "Global" stringtable not found
 0:12:19.992 Localization won't work: STR_JULY - "Global" stringtable not found
 0:12:19.992 Localization won't work: STR_AUGUST - "Global" stringtable not found
 0:12:19.992 Localization won't work: STR_SEPTEMBER - "Global" stringtable not found
 0:12:19.992 Localization won't work: STR_OCTOBER - "Global" stringtable not found
 0:12:19.992 Localization won't work: STR_NOVEMBER - "Global" stringtable not found
 0:12:19.992 Localization won't work: STR_DECEMBER - "Global" stringtable not found
 0:12:19.992 Localization won't work: STR_DATE_FORMAT - "Global" stringtable not found
 0:12:19.992 Localization won't work: STR_DATE_FORMAT_SHORT - "Global" stringtable not found
 0:12:19.992 Localization won't work: STR_TIME_FORMAT - "Global" stringtable not found
 0:12:19.992 Localization won't work: STR_MAP_INTERVAL - "Global" stringtable not found
 0:12:19.992 Localization won't work: STR_MAP_LEGEND_INFO - "Global" stringtable not found
 0:12:19.992 Localization won't work: STR_MAP_SCALE_FORMAT - "Global" stringtable not found
 0:12:19.992 Localization won't work: STR_RESOLUTION_FORMAT - "Global" stringtable not found
 0:12:19.992 Localization won't work: STR_SESSION_NAME_FORMAT - "Global" stringtable not found
 0:12:19.992 Localization won't work: STR_CONFIG_YNORMAL - "Global" stringtable not found
 0:12:19.992 Localization won't work: STR_CONFIG_YREVERSED - "Global" stringtable not found
 0:12:19.992 Localization won't work: STR_CONFIG_CONTROLLER_NORMAL_LOOK - "Global" stringtable not found
 0:12:19.992 Localization won't work: STR_CONFIG_CONTROLLER_REVERSED_LOOK - "Global" stringtable not found
 0:12:19.992 Localization won't work: STR_ENABLED - "Global" stringtable not found
 0:12:19.992 Localization won't work: STR_DISABLED - "Global" stringtable not found
 0:12:19.992 Localization won't work: STR_SESSION_NAME_INIT - "Global" stringtable not found
 0:12:19.992 Localization won't work: STR_TIME_ACC_FORMAT - "Global" stringtable not found
 0:12:19.992 Localization won't work: STR_MP_VALIDERROR - "Global" stringtable not found
 0:12:19.992 Localization won't work: STR_MP_VALIDERROR_1 - "Global" stringtable not found
 0:12:19.992 Localization won't work: STR_MP_VALIDERROR_2 - "Global" stringtable not found
 0:12:19.992 Localization won't work: STR_MP_LOGGED - "Global" stringtable not found
 0:12:19.992 Localization won't work: STR_MP_LOGGED_OUT - "Global" stringtable not found
 0:12:19.992 Localization won't work: STR_MP_CONNECTION_LOOSING - "Global" stringtable not found
 0:12:19.992 Localization won't work: STR_MSG_MP_PASSWORD - "Global" stringtable not found
 0:12:19.992 Localization won't work: STR_MSG_MP_NO_PASSWORD - "Global" stringtable not found
 0:12:19.992 Localization won't work: STR_MSG_MP_VERSION - "Global" stringtable not found
 0:12:19.992 Localization won't work: STR_MSG_MP_CONNECT_ERROR - "Global" stringtable not found
 0:12:19.992 Localization won't work: STR_MSG_ADDON_MISSING - "Global" stringtable not found
 0:12:19.992 Localization won't work: STR_MSG_ADDON_VERSION - "Global" stringtable not found
 0:12:19.992 Localization won't work: STR_MSG_LAUNCH_GAME - "Global" stringtable not found
 0:12:19.992 Localization won't work: STR_MSG_NO_WORLD - "Global" stringtable not found
 0:12:19.992 Localization won't work: STR_MSG_MP_SESSION_FULL - "Global" stringtable not found
 0:12:19.992 Localization won't work: STR_LOAD_INIT - "Global" stringtable not found
 0:12:19.992 Localization won't work: STR_LOAD_WORLD - "Global" stringtable not found
 0:12:19.992 Localization won't work: STR_LOAD_MISSION - "Global" stringtable not found
 0:12:19.992 Localization won't work: STR_LOAD_INTRO - "Global" stringtable not found
 0:12:19.992 Localization won't work: STR_LOAD_GAME - "Global" stringtable not found
 0:12:19.992 Localization won't work: STR_SAVE_GAME - "Global" stringtable not found
 0:12:19.992 Localization won't work: STR_NETWORK_SEND - "Global" stringtable not found
 0:12:19.992 Localization won't work: STR_NETWORK_RECEIVE - "Global" stringtable not found
 0:12:19.992 Localization won't work: STR_CREATE_SERVER - "Global" stringtable not found
 0:12:19.992 Localization won't work: STR_CREATE_CLIENT - "Global" stringtable not found
 0:12:19.992 Localization won't work: STR_SHUTDOWN - "Global" stringtable not found
 0:12:19.992 Localization won't work: STR_DN_TREE - "Global" stringtable not found
 0:12:19.992 Localization won't work: STR_DN_BUSH - "Global" stringtable not found
 0:12:19.992 Localization won't work: STR_DN_BUILDING - "Global" stringtable not found
 0:12:19.992 Localization won't work: STR_DN_HOUSE - "Global" stringtable not found
 0:12:19.992 Localization won't work: STR_DN_CHURCH - "Global" stringtable not found
 0:12:19.992 Localization won't work: STR_DN_CHAPEL - "Global" stringtable not found
 0:12:19.992 Localization won't work: STR_DN_CROSS - "Global" stringtable not found
 0:12:19.992 Localization won't work: STR_DN_ROCK - "Global" stringtable not found
 0:12:19.992 Localization won't work: STR_DN_FOREST - "Global" stringtable not found
 0:12:19.992 Localization won't work: STR_DN_BUS_STOP - "Global" stringtable not found
 0:12:19.992 Localization won't work: STR_FADE_AWAY - "Global" stringtable not found
 0:12:19.992 Localization won't work: STR_MP_CONNECT - "Global" stringtable not found
 0:12:19.992 Localization won't work: STR_MP_DISCONNECT - "Global" stringtable not found
 0:12:19.992 Localization won't work: STR_MP_CONNECTING - "Global" stringtable not found
 0:12:19.992 Localization won't work: STR_MP_KICKED - "Global" stringtable not found
 0:12:19.992 Localization won't work: STR_MP_BANNED - "Global" stringtable not found
 0:12:19.992 Localization won't work: STR_MP_TIMEOUT - "Global" stringtable not found
 0:12:19.992 Localization won't work: STR_server_shutdown - "Global" stringtable not found
 0:12:19.992 Localization won't work: STR_DISP_CLIENT_TEXT - "Global" stringtable not found
 0:12:19.992 Localization won't work: STR_DISP_CLIENT_TEXT_EDIT - "Global" stringtable not found
 0:12:19.992 Localization won't work: STR_SERVER_MONITOR - "Global" stringtable not found
 0:12:19.992 Localization won't work: STR_MP_SERVER - "Global" stringtable not found
 0:12:19.992 Localization won't work: STR_MP_MASTER - "Global" stringtable not found
 0:12:19.992 Localization won't work: STR_MP_SESSION_LOST - "Global" stringtable not found
 0:12:19.992 Localization won't work: STR_DISP_OPT_UNITS_METRIC - "Global" stringtable not found
 0:12:19.992 Localization won't work: STR_DISP_OPT_UNITS_MIXED - "Global" stringtable not found
 0:12:19.992 Localization won't work: STR_DISP_OPT_UNITS_IMPERIAL - "Global" stringtable not found
 0:12:19.992 Localization won't work: STR_MP_KICKED_CLIENT - "Global" stringtable not found
 0:12:19.992 Localization won't work: STR_MP_LOGIN_QUEUE_FULL - "Global" stringtable not found
 0:12:19.992 Localization won't work: STR_MP_BANNED_CLIENT - "Global" stringtable not found
 0:12:19.992 Localization won't work: STR_MP_TIMEOUT_CLIENT - "Global" stringtable not found
 0:12:19.992 Localization won't work: STR_MP_BAD_CDKEY - "Global" stringtable not found
 0:12:19.992 Localization won't work: STR_MP_SESSION_LOCKED - "Global" stringtable not found
 0:12:19.992 Localization won't work: STR_MP_STEAM_AUTH_FAILED - "Global" stringtable not found
 0:12:19.992 Localization won't work: STR_xbox_authentification_fail - "Global" stringtable not found
 0:12:19.992 Localization won't work: STR_ps4_authentification_fail - "Global" stringtable not found
 0:12:19.992 Localization won't work: STR_authentification_fail - "Global" stringtable not found
 0:12:19.992 Localization won't work: STR_MP_MAX_PING - "Global" stringtable not found
 0:12:19.992 Localization won't work: STR_HOST_SESSION - "Global" stringtable not found
 0:12:19.992 Localization won't work: STR_DS_SERVER_CREATED - "Global" stringtable not found
 0:12:19.992 Localization won't work: STR_DS_SERVER_CREATE_FAIL - "Global" stringtable not found
 0:12:19.992 Localization won't work: STR_DS_SERVER_FINISHED - "Global" stringtable not found
 0:12:19.992 Localization won't work: STR_DS_SERVER_IDENTITY_CREATED - "Global" stringtable not found
 0:12:19.992 Localization won't work: STR_DS_PLAYER_CONNECTING - "Global" stringtable not found
 0:12:19.992 Localization won't work: STR_DS_PLAYER_CONNECTED - "Global" stringtable not found
 0:12:19.992 Localization won't work: STR_DS_PLAYER_DISCONNECTED - "Global" stringtable not found
 0:12:19.992 Localization won't work: STR_DS_ADMIN_LOGGED_IN - "Global" stringtable not found
 0:12:19.992 Localization won't work: STR_DS_ADMIN_LOGGED_OUT - "Global" stringtable not found
 0:12:19.992 Localization won't work: STR_DS_NO_USERS - "Global" stringtable not found
 0:12:19.992 Localization won't work: STR_DS_ROLES_ASSIGNED - "Global" stringtable not found
 0:12:19.992 Localization won't work: STR_DS_READING_MISSION - "Global" stringtable not found
 0:12:19.992 Localization won't work: STR_DS_MISSION_READ - "Global" stringtable not found
 0:12:19.992 Localization won't work: STR_DS_WAITING_FOR_NEXT_GAME - "Global" stringtable not found
 0:12:19.992 Localization won't work: STR_HASH_WRONG - "Global" stringtable not found
 0:12:19.992 Localization won't work: STR_SIGNATURE_MISSING - "Global" stringtable not found
 0:12:19.992 Localization won't work: STR_SIGNATURE_WRONG - "Global" stringtable not found
 0:12:19.992 Localization won't work: STR_SIGNATURE_CHECK_TIMED_OUT - "Global" stringtable not found
 0:12:19.992 Localization won't work: STR_BATTLEYE_INIT_FAILED - "Global" stringtable not found
 0:12:19.992 Localization won't work: STR_MSG_ADDON_NOT_FOUND - "Global" stringtable not found
 0:12:19.992 Localization won't work: STR_MSG_ADDON_CANNOT_OPEN - "Global" stringtable not found
 0:12:19.992 Localization won't work: STR_MSG_ADDON_UNKNOWN_PRODUCT - "Global" stringtable not found
 0:12:19.992 Localization won't work: STR_INCOMPATIBLE_LOAD_GAME_ATTEMPT - "Global" stringtable not found
 0:12:20.241 Localization not present: STR_DATE_FORMAT_SHORT
 0:12:20.241 Localization not present: STR_TIME_FORMAT
 0:12:20.241 Localization not present: STR_CONFIG_CONTROLLER_NORMAL_LOOK
 0:12:20.241 Localization not present: STR_CONFIG_CONTROLLER_REVERSED_LOOK
 0:12:20.241 Localization not present: STR_MP_VALIDERROR
 0:12:20.241 Localization not present: STR_MP_CONNECTION_LOOSING
 0:12:20.241 Localization not present: STR_MSG_MP_NO_PASSWORD
 0:12:20.241 Localization not present: STR_MSG_LAUNCH_GAME
 0:12:20.241 Localization not present: STR_LOAD_INIT
 0:12:20.241 Localization not present: STR_LOAD_WORLD
 0:12:20.241 Localization not present: STR_LOAD_GAME
 0:12:20.241 Localization not present: STR_SAVE_GAME
 0:12:20.241 Localization not present: STR_MP_CONNECT
 0:12:20.241 Localization not present: STR_MP_DISCONNECT
 0:12:20.241 Localization not present: STR_MP_CONNECTING
 0:12:20.241 Localization not present: STR_MP_TIMEOUT
 0:12:20.241 Localization not present: STR_DISP_CLIENT_TEXT_EDIT
 0:12:20.241 Localization not present: STR_MP_LOGIN_QUEUE_FULL
 0:12:20.243 Localization not present: STR_DATE_FORMAT_SHORT
 0:12:20.243 Localization not present: STR_TIME_FORMAT
 0:12:20.243 Localization not present: STR_CONFIG_CONTROLLER_NORMAL_LOOK
 0:12:20.243 Localization not present: STR_CONFIG_CONTROLLER_REVERSED_LOOK
 0:12:20.243 Localization not present: STR_MP_VALIDERROR
 0:12:20.243 Localization not present: STR_MP_CONNECTION_LOOSING
 0:12:20.243 Localization not present: STR_MSG_MP_NO_PASSWORD
 0:12:20.243 Localization not present: STR_MSG_LAUNCH_GAME
 0:12:20.243 Localization not present: STR_LOAD_INIT
 0:12:20.243 Localization not present: STR_LOAD_WORLD
 0:12:20.243 Localization not present: STR_LOAD_GAME
 0:12:20.243 Localization not present: STR_SAVE_GAME
 0:12:20.243 Localization not present: STR_MP_CONNECT
 0:12:20.243 Localization not present: STR_MP_DISCONNECT
 0:12:20.243 Localization not present: STR_MP_CONNECTING
 0:12:20.243 Localization not present: STR_MP_TIMEOUT
 0:12:20.243 Localization not present: STR_DISP_CLIENT_TEXT_EDIT
 0:12:20.243 Localization not present: STR_MP_LOGIN_QUEUE_FULL
 0:12:20.353 Initializing stats manager.
 0:12:20.353 Stats config disabled.
 0:12:22.644 Updating base class All->AllVehicles, by DZ\data\config.bin/CfgVehicles/Man/
 0:12:22.644 Updating base class Transport->AllVehicles, by DZ\data\config.bin/CfgVehicles/Air/
 0:12:22.652 Updating base class Name->NameIcon, by DZ\gear\navigation\config.bin/CfgLocationTypes/Hill/
 0:12:22.652 Updating base class Hill->NameIcon, by DZ\gear\navigation\config.bin/CfgLocationTypes/ViewPoint/
 0:12:22.652 Updating base class Hill->NameIcon, by DZ\gear\navigation\config.bin/CfgLocationTypes/RockArea/
 0:12:22.652 Updating base class Hill->NameIcon, by DZ\gear\navigation\config.bin/CfgLocationTypes/BorderCrossing/
 0:12:22.652 Updating base class Hill->NameIcon, by DZ\gear\navigation\config.bin/CfgLocationTypes/VegetationBroadleaf/
 0:12:22.652 Updating base class Hill->NameIcon, by DZ\gear\navigation\config.bin/CfgLocationTypes/VegetationFir/
 0:12:22.652 Updating base class Hill->NameIcon, by DZ\gear\navigation\config.bin/CfgLocationTypes/VegetationPalm/
 0:12:22.652 Updating base class Hill->NameIcon, by DZ\gear\navigation\config.bin/CfgLocationTypes/VegetationVineyard/
 0:12:22.669 Updating base class HorticultureBaseProxies->ProxyAttachment, by DZ\structures\residential\config.bin/CfgNonAIVehicles/ProxyTomato_Seeds/
 0:12:22.967 Updating base class Weather->, by DZ\sounds\hpp\config.bin/CfgWorlds/CAWorld/Weather/
 0:12:24.115 ENGINE    (W): No module info used, trying to identify -> 0xD6D50000

 0:12:24.115 ENGINE    (W): Adjusting job system settings to have at least one job worker thread.

 0:12:24.273 [Inputs] Loading inputs default "bin/constants.xml"
 0:12:24.275 [Inputs] Loading inputs default "bin/specific.xml"
 0:12:24.276 [Inputs] Loading inputs default "JM/COT/scripts/Data/Inputs.xml"
 0:12:24.276 [Inputs] Loading inputs cfg "profiles/MainServerProfile\Users\Survivor\Server.core.xml"
 0:12:24.276 !!! [Inputs] Cannot read inputs cfg "profiles/MainServerProfile\Users\Survivor\Server.core.xml", parser error
 0:12:24.276 [Inputs] Loading inputs cfg "bin/core.xml"
 0:12:24.276 !!! [Inputs] Cannot load input preset "user", file does not exist
 0:12:24.277 [Inputs] Exporting inputs cfg "profiles/MainServerProfile\Users\Survivor\Server.core.xml"
 0:12:24.534 SCRIPT    (W): @"scripts/3_Game/systems\inventory\handfsm.c,96": Missing script declaration for method 'SgNetworkService.CreateLobby'

 0:12:24.534 SCRIPT    (W): @"scripts/3_Game/systems\inventory\handfsm.c,96": Missing script declaration for method 'SgNetworkService.GameServerLoadMatchInfo'

 0:12:24.535 SCRIPT    (W): @"scripts/3_Game/systems\inventory\handfsm.c,96": Missing script declaration for method 'SgNetworkService.CancelSearchForMatch'

 0:12:24.535 SCRIPT    (W): @"scripts/3_Game/systems\inventory\handfsm.c,96": Missing script declaration for method 'SgNetworkService.SetLobbySlot'

 0:12:24.535 SCRIPT    (W): @"scripts/3_Game/systems\inventory\handfsm.c,96": Missing script declaration for method 'SgNetworkService.LeaveLobby'

 0:12:24.535 SCRIPT    (W): @"scripts/3_Game/systems\inventory\handfsm.c,96": Missing script declaration for method 'SgNetworkService.DeleteLobby'

 0:12:24.535 SCRIPT    (W): @"scripts/3_Game/systems\inventory\handfsm.c,96": Missing script declaration for method 'SgNetworkService.JoinLobby'

 0:12:24.535 SCRIPT    (W): @"scripts/3_Game/systems\inventory\handfsm.c,96": Missing script declaration for method 'SgNetworkService.StartLobbyGame'

 0:12:24.535 SCRIPT    (W): @"scripts/3_Game/systems\inventory\handfsm.c,96": Missing script declaration for method 'SgNetworkService.GameServerReadyServer'

 0:12:24.535 SCRIPT    (W): @"scripts/3_Game/systems\inventory\handfsm.c,96": Missing script declaration for method 'SgNetworkService.LeaveTeam'

 0:12:24.535 SCRIPT    (W): @"scripts/3_Game/systems\inventory\handfsm.c,96": Missing script declaration for method 'SgNetworkService.LoadLobbyList'

 0:12:24.535 SCRIPT    (W): @"scripts/3_Game/systems\inventory\handfsm.c,96": Missing script declaration for method 'SgNetworkService.JoinTeam'

 0:12:24.535 SCRIPT    (W): @"scripts/3_Game/systems\inventory\handfsm.c,96": Missing script declaration for method 'SgNetworkService.GetUserUID'

 0:12:24.535 SCRIPT    (W): @"scripts/3_Game/systems\inventory\handfsm.c,96": Missing script declaration for method 'SgNetworkService.ReadyLobbyPlayer'

 0:12:24.535 SCRIPT    (W): @"scripts/3_Game/systems\inventory\handfsm.c,96": Missing script declaration for method 'SgNetworkService.GetService'

 0:12:24.535 SCRIPT    (W): @"scripts/3_Game/systems\inventory\handfsm.c,96": Missing script declaration for method 'SgNetworkService.GameServerFinishGame'

 0:12:24.535 SCRIPT    (W): @"scripts/3_Game/systems\inventory\handfsm.c,96": Missing script declaration for method 'SgNetworkService.StartSearchForMatch'

 0:12:24.535 SCRIPT    (W): @"scripts/3_Game/systems\inventory\cargo.c,6": Missing script declaration for method 'CargoBase.IsProxyCargo'

 0:12:24.605 ANIMATION (E): Can't load mods/@CommunityOnlineTools/Anims/cfg/skeletons.anim.xml

 0:12:24.605 ANIMATION (E): Failed to open file, line 0, column 0

 0:12:24.605 ANIMATION (E): Can't load mods/@CF/Anims/cfg/skeletons.anim.xml

 0:12:24.605 ANIMATION (E): Failed to open file, line 0, column 0

 0:12:24.713 Warning Message: 'soundSetNear/' is not a value
 0:12:24.713 Warning Message: 'soundSetFar/' is not a value
 0:12:24.713 Warning Message: 'soundSetNear/' is not a value
 0:12:24.713 Warning Message: 'soundSetFar/' is not a value
 0:12:24.713 Warning Message: 'soundSetNear/' is not a value
 0:12:24.713 Warning Message: 'soundSetFar/' is not a value
 0:12:24.713 Warning Message: 'soundSetNear/' is not a value
 0:12:24.713 Warning Message: 'soundSetFar/' is not a value
 0:12:25.841 SCRIPT    (W): @"JM/COT/Scripts/4_World/communityonlinetools\staticfunctions.c,18": Unsafe down-casting, use 'PlayerBase.Cast' for safe down-casting

 0:12:25.888 RENDER    (E): Cannot find PP effect CloudsEffect, is the name correct?

 0:12:25.898 MATERIAL  (E): Can't load 'DropRefractionTex' 'graphics/textures/postprocess/drop_refraction.edds', in material @"Graphics/Materials/postprocess/rain.emat"

 0:12:25.915 MATERIAL  (E): Can't load 'DistantTex' 'graphics/textures/postprocess/raindistantmask.edds', in material @"Graphics/Materials/postprocess/rain.emat"

 0:12:25.920 MATERIAL  (E): Can't load 'RotationNoiseMap' 'graphics/textures/postprocess/noise.edds', in material @"Graphics/Materials/postprocess/rain.emat"

 0:12:25.923 MATERIAL  (E): Can't load 'RipplesMap' 'graphics/textures/postprocess/ripple.edds', in material @"Graphics/Materials/postprocess/rain.emat"

 0:12:25.960 MATERIAL  (E): Can't load 'MovableMap' 'graphics/textures/postprocess/rainripplesmovable.edds', in material @"Graphics/Materials/postprocess/rain.emat"

 0:12:25.962 MATERIAL  (E): Can't load 'MovableNoiseMap' 'graphics/textures/postprocess/rainripplesmovablenoise.edds', in material @"Graphics/Materials/postprocess/rain.emat"

 0:12:25.971 MATERIAL  (E): Can't load 'ColorTable' 'graphics/textures/postprocess/color_test.edds', in material @"Graphics/Materials/postprocess/colorgrading.emat"

 0:12:26.16 Warning: CfgWeapons missing in PreloadConfig - may slow down vehicle creation
 0:12:26.16 Warning: CfgMagazines missing in PreloadConfig - may slow down vehicle creation
 0:12:26.16 String "STR_DN_UNKNOWN" not found
 0:12:26.16 String "STR_DN_UNKNOWN" not found
 0:12:26.16 String "STR_DN_CAR" not found
 0:12:26.16 String "STR_DN_UNKNOWN" not found
 0:12:26.16 String "STR_DN_HELICOPTER" not found
 0:12:26.16 String "STR_DN_HELICOPTER" not found
 0:12:26.16 String "STR_DN_MAN" not found
 0:12:26.16 String "STR_DN_ANIMAL" not found
 0:12:26.16 String "STR_DN_UNKNOWN" not found
 0:12:26.16 String "STR_DN_BUNKER" not found
 0:12:26.16 String "STR_DN_UNKNOWN" not found
 0:12:26.16 String "STR_DN_UNKNOWN" not found
 0:12:26.17 String "STR_DN_UNKNOWN" not found
 0:12:26.17 String "STR_DN_UNKNOWN" not found
 0:12:26.17 String "STR_DN_MAN" not found
 0:12:26.17 String "STR_DN_MAN" not found
 0:12:26.17 String "STR_DN_MAN" not found
 0:12:26.19 String "STR_DN_CAR" not found
 0:12:26.20 String "STR_DN_ANIMAL" not found
 0:12:26.20 String "STR_DN_ANIMAL" not found
 0:12:26.32 String "STR_DN_MAN" not found
 0:12:26.37 String "STR_DN_CAR" not found
 0:12:26.267 Unrecognized CfgNonAIVehicles simulation seagull in bin\config.bin/CfgNonAIVehicles/Bird/
 0:12:26.267 Unrecognized CfgNonAIVehicles simulation seagull in bin\config.bin/CfgNonAIVehicles/Insect/
 0:12:26.268 Warning Message: No entry 'bin\config.bin/CfgWeapons/Weapon_Base.burst'.
 0:12:26.268 Warning Message: '/' is not a value
 0:12:26.268 Warning Message: No entry 'bin\config.bin/CfgWeapons/Weapon_Base.reloadTime'.
 0:12:26.268 Warning Message: '/' is not a value
 0:12:26.268 Warning Message: No entry 'bin\config.bin/CfgWeapons/DefaultWeapon.burst'.
 0:12:26.268 Warning Message: '/' is not a value
 0:12:26.268 Warning Message: No entry 'bin\config.bin/CfgWeapons/DefaultWeapon.reloadTime'.
 0:12:26.268 Warning Message: '/' is not a value
 0:12:26.268 Warning Message: No entry 'bin\config.bin/CfgWeapons/PistolCore.burst'.
 0:12:26.268 Warning Message: '/' is not a value
 0:12:26.268 Warning Message: No entry 'bin\config.bin/CfgWeapons/PistolCore.reloadTime'.
 0:12:26.268 Warning Message: '/' is not a value
 0:12:26.268 Warning Message: No entry 'bin\config.bin/CfgWeapons/RifleCore.burst'.
 0:12:26.268 Warning Message: '/' is not a value
 0:12:26.268 Warning Message: No entry 'bin\config.bin/CfgWeapons/RifleCore.reloadTime'.
 0:12:26.268 Warning Message: '/' is not a value
 0:12:26.268 Warning Message: No entry 'bin\config.bin/CfgWeapons/LauncherCore.burst'.
 0:12:26.268 Warning Message: '/' is not a value
 0:12:26.268 Warning Message: No entry 'bin\config.bin/CfgWeapons/LauncherCore.reloadTime'.
 0:12:26.268 Warning Message: '/' is not a value
 0:12:26.268 Warning Message: No entry 'bin\config.bin/CfgWeapons/Rifle_Base.burst'.
 0:12:26.268 Warning Message: '/' is not a value
 0:12:26.268 Warning Message: No entry 'bin\config.bin/CfgWeapons/Rifle_Base.reloadTime'.
 0:12:26.268 Warning Message: '/' is not a value
 0:12:26.268 Warning Message: No entry 'bin\config.bin/CfgWeapons/BoltActionRifle_Base.burst'.
 0:12:26.268 Warning Message: '/' is not a value
 0:12:26.268 Warning Message: No entry 'bin\config.bin/CfgWeapons/BoltActionRifle_Base.reloadTime'.
 0:12:26.268 Warning Message: '/' is not a value
 0:12:26.268 Warning Message: No entry 'bin\config.bin/CfgWeapons/BoltActionRifle_InnerMagazine_Base.burst'.
 0:12:26.268 Warning Message: '/' is not a value
 0:12:26.268 Warning Message: No entry 'bin\config.bin/CfgWeapons/BoltActionRifle_InnerMagazine_Base.reloadTime'.
 0:12:26.268 Warning Message: '/' is not a value
 0:12:26.268 Warning Message: No entry 'bin\config.bin/CfgWeapons/Pistol_Base.burst'.
 0:12:26.268 Warning Message: '/' is not a value
 0:12:26.268 Warning Message: No entry 'bin\config.bin/CfgWeapons/Pistol_Base.reloadTime'.
 0:12:26.268 Warning Message: '/' is not a value
 0:12:26.268 Warning Message: No entry 'bin\config.bin/CfgWeapons/Launcher_Base.burst'.
 0:12:26.268 Warning Message: '/' is not a value
 0:12:26.329 Warning Message: No entry 'bin\config.bin/CfgWeapons/NonlethalCore.burst'.
 0:12:26.329 Warning Message: '/' is not a value
 0:12:26.329 Warning Message: No entry 'bin\config.bin/CfgWeapons/NonlethalCore.reloadTime'.
 0:12:26.329 Warning Message: '/' is not a value
 0:12:26.329 Warning Message: No entry 'bin\config.bin/CfgWeapons/NonlethalPistol.burst'.
 0:12:26.329 Warning Message: '/' is not a value
 0:12:26.329 Warning Message: No entry 'bin\config.bin/CfgWeapons/NonlethalPistol.reloadTime'.
 0:12:26.329 Warning Message: '/' is not a value
 0:12:26.330 Warning Message: No entry 'bin\config.bin/CfgWeapons/NonlethalRifle.burst'.
 0:12:26.330 Warning Message: '/' is not a value
 0:12:26.330 Warning Message: No entry 'bin\config.bin/CfgWeapons/NonlethalRifle.reloadTime'.
 0:12:26.330 Warning Message: '/' is not a value
 0:12:26.349 Warning Message: No entry 'bin\config.bin.RscPendingInvitation'.
 0:12:26.349 Warning Message: No entry '.x'.
 0:12:26.349 Warning Message: '/' is not a value
 0:12:26.349 Warning Message: No entry '.y'.
 0:12:26.349 Warning Message: '/' is not a value
 0:12:26.349 Warning Message: No entry '.w'.
 0:12:26.349 Warning Message: '/' is not a value
 0:12:26.349 Warning Message: No entry '.h'.
 0:12:26.349 Warning Message: '/' is not a value
 0:12:26.425 SUCCESS: SteamGameServer_Init(0,8766,2302,27016,3,1.04.152166)
 0:12:26.425 Server: SetClientState dpid=2 id=0 name=__SERVER__ CREATED -> CONNECTED
 0:12:26.442 Server: SetClientState dpid=2 id=0 name=__SERVER__ MISSION SELECTED -> PLAYER ASSIGNED
 0:12:26.442 Server: SetClientState dpid=2 id=0 name=__SERVER__ PLAYER ASSIGNED -> MISSION RECEIVED
 0:12:26.448 Terrain normal texture loaded (dz\worlds\chernarusplus\data\global_nohq.paa)...
 0:12:27.599 PerfWarning: Way too much components (582) in dz\structures\industrial\power\power_station.p3d:geometryFire
 0:12:27.648 PerfWarning: Way too much components (564) in dz\structures\military\houses\mil_barracks5.p3d:geometryFire
 0:12:27.801 PerfWarning: Way too much components (948) in dz\structures\specific\prison\prison_wall_large.p3d:geometryFire
 0:12:27.910 Warning Message: Animation source slot_01 not found in bin\config.bin/CfgVehicles/Land_Misc_Greenhouse/
 0:12:27.910 Warning Message: Animation source slot_02 not found in bin\config.bin/CfgVehicles/Land_Misc_Greenhouse/
 0:12:27.910 Warning Message: Animation source slot_03 not found in bin\config.bin/CfgVehicles/Land_Misc_Greenhouse/
 0:12:27.910 Warning Message: Animation source slot_04 not found in bin\config.bin/CfgVehicles/Land_Misc_Greenhouse/
 0:12:27.910 Warning Message: Animation source slot_05 not found in bin\config.bin/CfgVehicles/Land_Misc_Greenhouse/
 0:12:27.910 Warning Message: Animation source slot_06 not found in bin\config.bin/CfgVehicles/Land_Misc_Greenhouse/
 0:12:27.910 Warning Message: Animation source slot_07 not found in bin\config.bin/CfgVehicles/Land_Misc_Greenhouse/
 0:12:27.910 Warning Message: Animation source slot_08 not found in bin\config.bin/CfgVehicles/Land_Misc_Greenhouse/
 0:12:27.910 Warning Message: Animation source slot_09 not found in bin\config.bin/CfgVehicles/Land_Misc_Greenhouse/
 0:12:27.945 PerfWarning: Way too much components (742) in dz\structures\residential\police\village_policestation.p3d:geometryFire
 0:12:27.998 PerfWarning: Way too much components (786) in dz\structures\residential\houses\house_1w08.p3d:geometryFire
 0:12:28.37 PerfWarning: Way too much components (665) in dz\structures\residential\houses\house_2w01.p3d:geometryFire
 0:12:28.69 PerfWarning: Way too much components (1028) in dz\structures\residential\houses\house_2w03.p3d:geometryFire
 0:12:28.149 PerfWarning: Way too much components (792) in dz\structures\residential\houses\house_1w11.p3d:geometryFire
 0:12:28.199 PerfWarning: Way too much components (865) in dz\structures\residential\houses\house_1b01_pub.p3d:geometryFire
 0:12:28.221 PerfWarning: Way too much components (534) in dz\structures\specific\churches\church2_2.p3d:geometryFire
 0:12:28.238 Warning Message: unable to load doorCarSmallOpenABit_1 from CfgSounds
 0:12:28.238 Warning Message: unable to load doorCarSmallOpenABit_2 from CfgSounds
 0:12:28.238 Warning Message: unable to load doorCarSmallOpenABit_3 from CfgSounds
 0:12:28.238 Warning Message: unable to load doorCarSmallOpenABit_4 from CfgSounds
 0:12:28.238 Warning Message: unable to load doorCarSmallRattle from CfgActionSounds
 0:12:28.281 PerfWarning: Way too much components (641) in dz\structures\residential\tenements\tenement_small.p3d:geometryFire
 0:12:28.345 PerfWarning: Way too much components (642) in dz\structures\residential\tenements\tenement_big.p3d:geometryFire
 0:12:28.447 PerfWarning: Way too much components (821) in dz\structures\wrecks\vehicles\wreck_hmmwv.p3d:geometryFire
 0:12:28.450 PerfWarning: Way too much components (704) in dz\structures\wrecks\vehicles\wreck_ural.p3d:geometryFire
 0:12:28.490 PerfWarning: Way too much components (779) in dz\structures\residential\schools\city_school.p3d:geometryFire
 0:12:28.528 PerfWarning: Way too much components (1187) in dz\structures\residential\schools\proxy\school_exterior_proxy.p3d:geometryFire
 0:12:28.724 PerfWarning: Way too much components (526) in dz\structures\residential\houseblocks\houseblock_2f8.p3d:geometryFire
 0:12:28.733 PerfWarning: Way too much components (501) in dz\structures\wrecks\vehicles\wreck_volha_grey.p3d:geometryFire
 0:12:28.753 PerfWarning: Way too much components (820) in dz\structures\residential\houses\house_2w02.p3d:geometryFire
 0:12:28.775 PerfWarning: Way too much components (600) in dz\structures\residential\houseblocks\houseblock_2f1.p3d:geometryFire
 0:12:28.780 PerfWarning: Way too much components (526) in dz\structures\residential\houseblocks\houseblock_2f2.p3d:geometryFire
 0:12:28.810 PerfWarning: Way too much components (1025) in dz\structures\residential\houses\house_2w04.p3d:geometryFire
 0:12:28.856 PerfWarning: Way too much components (510) in dz\structures\residential\houseblocks\houseblock_3f1.p3d:geometryFire
 0:12:28.893 PerfWarning: Way too much components (682) in dz\structures\residential\houseblocks\houseblock_2f3.p3d:geometryFire
 0:12:28.907 PerfWarning: Way too much components (552) in dz\structures\residential\houseblocks\houseblock_2f6.p3d:geometryFire
 0:12:29.03 PerfWarning: Way too much components (532) in dz\structures\residential\houses\house_2b02.p3d:geometryFire
 0:12:29.10 PerfWarning: Way too much components (913) in dz\structures\residential\houses\house_2b04.p3d:geometryFire
 0:12:29.40 PerfWarning: Way too much components (804) in dz\structures\residential\offices\office_municipal1.p3d:geometryFire
 0:12:29.81 PerfWarning: Way too much components (710) in dz\structures\residential\houses\house_2b03.p3d:geometryFire
 0:12:29.97 PerfWarning: Way too much components (804) in dz\structures\residential\police\city_policestation.p3d:geometryFire
 0:12:29.164 PerfWarning: Way too much components (677) in dz\structures\residential\medical\city_hospital.p3d:geometryFire
 0:12:29.192 PerfWarning: Way too much components (566) in dz\structures\residential\stores\city_store_withstairs.p3d:geometryFire
 0:12:29.227 PerfWarning: Way too much components (1200) in dz\structures\residential\offices\office2.p3d:geometryFire
 0:12:29.250 PerfWarning: Way too much components (506) in dz\structures\residential\offices\proxy\a_office02_metalbars.p3d:geometryFire
 0:12:29.469 PerfWarning: Way too much components (850) in dz\structures\residential\houses\house_1w12.p3d:geometryFire
 0:12:29.494 PerfWarning: Way too much components (558) in dz\structures\industrial\misc\misc_scaffolding.p3d:geometryFire
 0:12:29.729 PerfWarning: Way too much components (1027) in dz\structures\residential\offices\office1.p3d:geometryFire
 0:12:29.763 SW keep height animation used for dz\structures\residential\misc\misc_football_line.p3d
 0:12:29.801 PerfWarning: Way too much components (982) in dz\structures\industrial\houses\factory_small.p3d:geometryFire
 0:12:29.832 PerfWarning: Way too much components (628) in dz\structures\ruins\rubble_dirtpile_medium2.p3d:geometryFire
 0:12:29.866 Warning Message: No entry 'bin\config.bin/CfgVehicles/Land_Train_Wagon_Box/Doors/Door1.soundOpenABit'.
 0:12:29.866 Warning Message: '/' is not a value
 0:12:29.866 Warning Message: unable to load doorWoodRattle from CfgActionSounds
 0:12:29.866 Warning Message: No entry 'bin\config.bin/CfgVehicles/Land_Train_Wagon_Box/Doors/Door2.soundOpenABit'.
 0:12:29.866 Warning Message: '/' is not a value
 0:12:29.954 PerfWarning: Way too much components (704) in dz\structures\military\improvised\mil_camonet_roof_east.p3d:geometry
 0:12:29.955 PerfWarning: Way too much components (704) in dz\structures\military\improvised\mil_camonet_roof_east.p3d:geometryFire
 0:12:29.973 PerfWarning: Way too much components (626) in dz\structures\military\improvised\proxy\tent_big2.p3d:geometryFire
 0:12:30.151 PerfWarning: Way too much components (546) in dz\structures\military\houses\mil_guardhouse2.p3d:geometryFire
 0:12:30.173 PerfWarning: Way too much components (709) in dz\structures\residential\firedep\city_firestation.p3d:geometryFire
 0:12:30.231 PerfWarning: Way too much components (603) in dz\structures\rail\houses\rail_warehouse_small.p3d:geometryFire
 0:12:30.257 PerfWarning: Way too much components (859) in dz\structures\residential\medical\village_healthcare.p3d:geometryFire
 0:12:31.24 PerfWarning: Way too much components (715) in dz\structures\industrial\houses\factory_lathes.p3d:geometryFire
 0:12:31.37 PerfWarning: Way too much components (633) in dz\structures\industrial\houses\proxy\housev2_03_int.p3d:geometryFire
 0:12:31.180 PerfWarning: Way too much components (660) in dz\structures\military\airfield\mil_airfield_hq.p3d:geometryFire
 0:12:31.456 PerfWarning: Way too much components (502) in dz\structures\industrial\construction\construction_house2.p3d:geometryFire
 0:12:31.575 PerfWarning: Way too much components (660) in dz\structures\ruins\rubble_dirtpile_small.p3d:geometryFire
 0:12:31.858 PerfWarning: Way too much components (561) in dz\structures\industrial\farms\barn_wood1.p3d:geometryFire
 0:12:32.104 PerfWarning: Way too much components (912) in dz\structures\military\tisy\tisy_hq.p3d:geometryFire
 0:12:32.634 Warning Message: unable to load doorMetalLargeOpen from CfgActionSounds
 0:12:32.634 Warning Message: unable to load doorMetalLargeOpenABit from CfgActionSounds
 0:12:32.634 Warning Message: unable to load doorMetalLargeClose from CfgActionSounds
 0:12:32.634 Warning Message: unable to load doorMetalLargeRattle from CfgActionSounds
 0:12:32.736 PerfWarning: Way too much components (1212) in dz\structures\residential\offices\office_municipal2.p3d:geometryFire
 0:12:32.746 PerfWarning: Way too much components (1024) in dz\structures\residential\offices\proxy\municipaloffice2_details_proxy.p3d:geometryFire
 0:12:32.750 PerfWarning: Way too much components (707) in dz\structures\residential\offices\proxy\municipaloffice2_int.p3d:geometryFire
 0:12:32.772 Warning Message: unable to load doorMetalFrontOpen from CfgActionSounds
 0:12:32.772 Warning Message: unable to load doorMetalFrontOpenABit from CfgActionSounds
 0:12:32.772 Warning Message: unable to load doorMetalFrontClose from CfgActionSounds
 0:12:32.772 Warning Message: unable to load doorMetalFrontRattle from CfgActionSounds
 0:12:32.881 PerfWarning: Way too much components (505) in dz\structures\military\improvised\hbarrier_6m.p3d:geometryView
 0:12:41.814 SCRIPT    (W): @"scripts/5_Mission/gui\inventorynew\inherited\zombiecontainer.c,651": Unsafe down-casting, use 'ItemBase.Cast' for safe down-casting

 0:12:41.840 SCRIPT    (W): @"JM/COT/Scripts/5_Mission/communityonlinetools\modules\itemsetspawner\itemsetspawnermodule.c,212": Unsafe down-casting, use 'PlayerBase.Cast' for safe down-casting

 0:12:41.841 SCRIPT    (W): @"JM/COT/Scripts/5_Mission/communityonlinetools\modules\itemsetspawner\itemsetspawnermodule.c,217": Unsafe down-casting, use 'PlayerBase.Cast' for safe down-casting

 0:12:41.850 SCRIPT    (W): @"JM/COT/Scripts/5_Mission/communityonlinetools\gui\mapeditor\mapeditormenu.c,111": Unsafe down-casting, use 'EntityAI.Cast' for safe down-casting

 0:12:41.892 SCRIPT    (W): @"JM/COT/Scripts/5_Mission/communityonlinetools\modules\teleport\teleportmodule.c,188": Unsafe down-casting, use 'PlayerBase.Cast' for safe down-casting

 0:12:41.909 SCRIPT    (W): @"JM/COT/Scripts/5_Mission/communityonlinetools\modules\object\objectmodule.c,196": Unsafe down-casting, use 'PlayerBase.Cast' for safe down-casting

 0:12:41.926 SCRIPT    (E): @"$CurrentDir:mpmissions\myDayzOffline.chernarusplus\init.c,4": Unexpected scope

 0:12:41.926 SCRIPT    (E): Can't compile mission init script'!

$CurrentDir:mpmissions\myDayzOffline.chernarusplus\init.c(4): Unexpected scope

 0:12:56.269 Used memory: 703679 KB
 0:12:56.269 Players: 0 in total
 0:12:57.268 Used memory: 705829 KB
 0:12:57.268 Players: 0 in total
 0:12:58.268 Used memory: 705829 KB
 0:12:58.268 Players: 0 in total
 0:12:59.268 Used memory: 705829 KB
 0:12:59.268 Players: 0 in total
 0:13:00.269 Used memory: 705829 KB
 0:13:00.269 Players: 0 in total
 0:13:01.268 Used memory: 705829 KB
 0:13:01.268 Players: 0 in total
 0:13:02.268 Used memory: 705829 KB
 0:13:02.268 Players: 0 in total
 0:13:03.268 Used memory: 705829 KB
 0:13:03.268 Players: 0 in total
 0:13:04.268 Used memory: 705829 KB
 0:13:04.268 Players: 0 in total
 0:13:05.268 Used memory: 705829 KB
 0:13:05.268 Players: 0 in total
 0:13:06.268 Used memory: 705829 KB
 0:13:06.268 Players: 0 in total
 0:13:07.268 Used memory: 705829 KB